// Jest Snapshot v1, https://goo.gl/fbAQLP

exports[`<Main/> redering Should render without errors 1`] = `
.c0 {
  grid-area: main;
  margin-top: 5px;
  margin-bottom: 5px;
  width: 100%;
  height: 100%;
}

<div
  className="c0"
  data-test="container"
/>
`;
